npx : FAIL 
src/pages/vehicles/VehiclesPage.test.tsx
At line:1 char:1
+ npx jest 
--testPathPattern="VehiclesPage" 
--watchAll=false 2>&1 | Out ...
+ ~~~~~~~~~~~~~~~~~~~~~~~~~~~~~~~~~~~~~~
~~~~~~~~~~~~~~~~~~~~~~~~~
    + CategoryInfo          : NotSpecif 
   ied: (FAIL src/pages/...esPage.test  
  .tsx:String) [], RemoteException
    + FullyQualifiedErrorId : NativeCom 
   mandError
 
  ΓùÅ Test suite failed to run

    Jest encountered an unexpected token

    Jest failed to parse a file. This 
happens e.g. when your code or its 
dependencies use non-standard 
JavaScript syntax, or when Jest is not 
configured to support such syntax.

    Out of the box Jest supports Babel, 
which will be used to transform your 
files into valid JS based on your Babel 
configuration.

    By default "node_modules" folder is 
ignored by transformers.

    Here's what you can do:
     ΓÇó If you are trying to use 
ECMAScript Modules, see https://jestjs.i
o/docs/ecmascript-modules for how to 
enable it.
     ΓÇó If you are trying to use 
TypeScript, see https://jestjs.io/docs/g
etting-started#using-typescript
     ΓÇó To have some of your 
"node_modules" files transformed, you 
can specify a custom 
"transformIgnorePatterns" in your 
config.
     ΓÇó If you need a custom 
transformation specify a "transform" 
option in your config.
     ΓÇó If you simply want to mock 
your non-JS modules (e.g. binary 
assets) you can stub them out with the 
"moduleNameMapper" config option.

    You'll find more details and 
examples of these config options in the 
docs:
    https://jestjs.io/docs/configuration
    For information about custom 
transformations, see:
    https://jestjs.io/docs/code-transfor
mation

    Details:

    C:\Users\goely\OneDrive\Desktop\yash
_incubyte\frontend\src\store\index.ts:15
        devTools: import.meta.env.DEV,
                         ^^^^

    SyntaxError: Cannot use 
'import.meta' outside a module

    [0m [90m 2 |[39m 
[36mimport[39m userEvent 
[36mfrom[39m [32m'@testing-library/us
er-event'[39m[33m;[39m
     [90m 3 |[39m [36mimport[39m { 
[33mProvider[39m } [36mfrom[39m 
[32m'react-redux'[39m[33m;[39m
    [31m[1m>[22m[39m[90m 4 |[39m 
[36mimport[39m { store } 
[36mfrom[39m 
[32m'../../store'[39m[33m;[39m
     [90m   |[39m [31m[1m^[22m[39m
     [90m 5 |[39m [36mimport[39m 
[33mVehiclesPage[39m [36mfrom[39m 
[32m'./VehiclesPage'[39m[33m;[39m
     [90m 6 |[39m [36mimport[39m { 
vehicleService } [36mfrom[39m 
[32m'../../services'[39m[33m;[39m
     [90m 7 |[39m[0m

      at Runtime.createScriptFromCode (n
ode_modules/jest-runtime/build/index.js:
1505:14)
      at Object.<anonymous> (src/pages/v
ehicles/VehiclesPage.test.tsx:4:1)

Test Suites: 1 failed, 1 total
Tests:       0 total
Snapshots:   0 total
Time:        3.046 s
Ran all test suites matching 
/VehiclesPage/i.
